2026-07-18 16:41:55,788 - INFO - Logging to analysis/acinetoscope_run.log
2026-07-18 16:41:55,969 - INFO - Temporary directory for qc_module: /tmp/acinetoscope_qc_module_qlli46ei
2026-07-18 16:41:58,140 - INFO - 
================================================================================

 █████╗  ██████╗██╗███╗   ██╗███████╗████████╗ ██████╗ ███████╗ ██████╗ ██████╗ ██████╗ ███████╗
██╔══██╗██╔════╝██║████╗  ██║██╔════╝╚══██╔══╝██╔═══██╗██╔════╝██╔════╝██╔═══██╗██╔══██╗██╔════╝
███████║██║     ██║██╔██╗ ██║█████╗     ██║   ██║   ██║███████╗██║     ██║   ██║██████╔╝█████╗  
██╔══██║██║     ██║██║╚██╗██║██╔══╝     ██║   ██║   ██║╚════██║██║     ██║   ██║██╔═══╝ ██╔══╝  
██║  ██║╚██████╗██║██║ ╚████║███████╗   ██║   ╚██████╔╝███████║╚██████╗╚██████╔╝██║     ███████╗
╚═╝  ╚═╝ ╚═════╝╚═╝╚═╝  ╚═══╝╚══════╝   ╚═╝    ╚═════╝ ╚══════╝ ╚═════╝ ╚═════╝ ╚═╝     ╚══════╝

AcinetoScope FASTA QC - Comprehensive Quality Control
================================================================================
Author: Brown Beckley | Email: brownbeckley94@gmail.com
Affiliation: University of Ghana Medical School - Department of Medical Biochemistry
================================================================================
Output directory: fasta_qc_results
Using 2 CPU cores
================================================================================

================================================================================
ANALYSIS COMPLETE
================================================================================
Total files: 1
Successful analyses: 1
Failed analyses: 0

📁 OUTPUT FILES:
   Individual HTML reports: fasta_qc_results/*/*_fasta_qc_report.html
   Individual JSON reports: fasta_qc_results/*/*_fasta_qc_report.json

================================================================================

2026-07-18 16:41:58,141 - WARNING - 2026-07-18 16:41:56,402 - INFO - Found 1 FASTA files: ['GCA_000498375.2.fasta']
2026-07-18 16:41:56,402 - INFO - Analyzing GCA_000498375.2.fasta...
2026-07-18 16:41:58,060 - INFO - ✓ GCA_000498375.2.fasta: 1 sequences, 4,178,958 bp, N50: 4,178,958, GC: 39.3%
2026-07-18 16:41:58,065 - INFO - ✓ HTML report generated: fasta_qc_results/GCA_000498375.2/GCA_000498375.2_fasta_qc_report.html
2026-07-18 16:41:58,065 - INFO - ✓ JSON report generated: fasta_qc_results/GCA_000498375.2/GCA_000498375.2_fasta_qc_report.json
2026-07-18 16:41:58,066 - INFO - ✓ TSV summary created: fasta_qc_results/FASTA_QC_summary.tsv
2026-07-18 16:41:58,066 - INFO - ✓ JSON summary created: fasta_qc_results/FASTA_QC_summary.json
2026-07-18 16:41:58,066 - INFO - ✓ HTML summary created: fasta_qc_results/FASTA_QC_summary.html

2026-07-18 16:41:58,142 - INFO - Results copied to analysis/fasta_qc_results
2026-07-18 16:41:58,143 - INFO - Removed temporary directory: /tmp/acinetoscope_qc_module_qlli46ei
2026-07-18 16:42:01,404 - INFO - 
    ================================================================================
    🧬 ACINETOSCOPE - A. baumannii MLST Analyzer
    ================================================================================
    Author: Brown Beckley
    Email: brownbeckley94@gmail.com
    GitHub: bbeckley-hub
    ================================================================================
    Input: *.fasta
    Output: mlst_pasteur_results
    Scheme: PASTEUR (abaumannii_2)
    Mode: Batch
    ================================================================================
    
🔍 Searching for FASTA files...
📁 Found 1 FASTA files
  1. GCA_000498375.2.fasta
🔬 Processing: GCA_000498375.2.fasta with abaumannii_2 scheme
   Running: bin/mlst GCA_000498375.2.fasta --scheme abaumannii_2 --csv --nopath
✅ Completed: GCA_000498375.2.fasta -> ST2

📊 Creating abaumannii_2 Summary...
  ✅ CSV summary: mlst_pasteur_results/PASTEUR_MLST/pasteur_mlst_summary.csv
  ⚠️ Excel export not available (install openpyxl: pip install openpyxl)
  ✅ JSON summary: mlst_pasteur_results/PASTEUR_MLST/pasteur_mlst_summary.json
  ✅ HTML summary: mlst_pasteur_results/PASTEUR_MLST/pasteur_mlst_summary.html
✅ PASTEUR summary created in: mlst_pasteur_results/PASTEUR_MLST/

================================================================================
🎉 Batch MLST completed! Processed 1 samples
📁 Results saved in: mlst_pasteur_results/
================================================================================

2026-07-18 16:42:01,407 - INFO - MLST pasteur results copied to analysis/PASTEUR_MLST
2026-07-18 16:42:04,508 - INFO - 
    ================================================================================
    🧬 ACINETOSCOPE - A. baumannii MLST Analyzer
    ================================================================================
    Author: Brown Beckley
    Email: brownbeckley94@gmail.com
    GitHub: bbeckley-hub
    ================================================================================
    Input: *.fasta
    Output: mlst_oxford_results
    Scheme: OXFORD (abaumannii)
    Mode: Batch
    ================================================================================
    
🔍 Searching for FASTA files...
📁 Found 1 FASTA files
  1. GCA_000498375.2.fasta
🔬 Processing: GCA_000498375.2.fasta with abaumannii scheme
   Running: bin/mlst GCA_000498375.2.fasta --scheme abaumannii --csv --nopath
✅ Completed: GCA_000498375.2.fasta -> STUNKNOWN

📊 Creating abaumannii Summary...
  ✅ CSV summary: mlst_oxford_results/OXFORD_MLST/oxford_mlst_summary.csv
  ⚠️ Excel export not available (install openpyxl: pip install openpyxl)
  ✅ JSON summary: mlst_oxford_results/OXFORD_MLST/oxford_mlst_summary.json
  ✅ HTML summary: mlst_oxford_results/OXFORD_MLST/oxford_mlst_summary.html
✅ OXFORD summary created in: mlst_oxford_results/OXFORD_MLST/

================================================================================
🎉 Batch MLST completed! Processed 1 samples
📁 Results saved in: mlst_oxford_results/
================================================================================

2026-07-18 16:42:04,510 - INFO - MLST oxford results copied to analysis/OXFORD_MLST
2026-07-18 16:42:04,520 - INFO - Temporary directory for k_o_module: /tmp/acinetoscope_k_o_module_8frax6rw
2026-07-18 16:42:10,689 - INFO - 
================================================================================

 █████╗  ██████╗██╗███╗   ██╗███████╗████████╗ ██████╗ ███████╗ ██████╗ ██████╗ ██████╗ ███████╗
██╔══██╗██╔════╝██║████╗  ██║██╔════╝╚══██╔══╝██╔═══██╗██╔════╝██╔════╝██╔═══██╗██╔══██╗██╔════╝
███████║██║     ██║██╔██╗ ██║█████╗     ██║   ██║   ██║███████╗██║     ██║   ██║██████╔╝█████╗  
██╔══██║██║     ██║██║╚██╗██║██╔══╝     ██║   ██║   ██║╚════██║██║     ██║   ██║██╔═══╝ ██╔══╝  
██║  ██║╚██████╗██║██║ ╚████║███████╗   ██║   ╚██████╔╝███████║╚██████╗╚██████╔╝██║     ███████╗
╚═╝  ╚═╝ ╚═════╝╚═╝╚═╝  ╚═══╝╚══════╝   ╚═╝    ╚═════╝ ╚══════╝ ╚═════╝ ╚═════╝ ╚═╝     ╚══════╝

A. baumannii Kaptive K/O Locus Analysis
================================================================================
Author: Brown Beckley | Email: brownbeckley94@gmail.com
Affiliation: University of Ghana Medical School - Department of Medical Biochemistry
================================================================================

2026-07-18 16:42:10,690 - WARNING - 2026-07-18 16:42:05,291 - INFO - Found 1 A. baumannii genomes: ['GCA_000498375.2.fasta']
2026-07-18 16:42:05,291 - INFO - === PROCESSING A. BAUMANNII GENOME: GCA_000498375.2 ===
2026-07-18 16:42:05,469 - INFO - Kaptive version: 3.2.1
2026-07-18 16:42:05,469 - INFO - Running Kaptive K locus analysis on GCA_000498375.2
2026-07-18 16:42:09,134 - INFO - Running Kaptive O locus analysis on GCA_000498375.2
2026-07-18 16:42:10,527 - INFO - Combined K and O results to kaptive_results/GCA_000498375.2/GCA_000498375.2/GCA_000498375.2_combined.tsv
2026-07-18 16:42:10,528 - INFO - Parsed 2 Kaptive hits from kaptive_results/GCA_000498375.2/GCA_000498375.2/GCA_000498375.2_combined.tsv
2026-07-18 16:42:10,529 - INFO - A. baumannii Kaptive HTML report generated: kaptive_results/GCA_000498375.2/GCA_000498375.2/GCA_000498375.2_kaptive_report.html
2026-07-18 16:42:10,529 - INFO - A. baumannii Kaptive JSON report generated: kaptive_results/GCA_000498375.2/GCA_000498375.2/GCA_000498375.2_kaptive_report.json
2026-07-18 16:42:10,540 - ERROR - Could not create Excel report: No module named 'openpyxl'
2026-07-18 16:42:10,550 - INFO - Created CSV report instead: kaptive_results/GCA_000498375.2/GCA_000498375.2/GCA_000498375.2_kaptive_report.csv
2026-07-18 16:42:10,550 - INFO - ✓ GCA_000498375.2: 2 K/O loci found
2026-07-18 16:42:10,551 - INFO - ✓ COMPLETED: GCA_000498375.2 (2 K/O loci)
2026-07-18 16:42:10,551 - INFO - Creating A. baumannii Kaptive summary files and HTML reports...
2026-07-18 16:42:10,551 - INFO - ✓ A. baumannii Kaptive summary file created: kaptive_results/Kaptive_summary.tsv
2026-07-18 16:42:10,552 - INFO - ✓ JSON summary created: kaptive_results/Kaptive_summary.json
2026-07-18 16:42:10,552 - INFO - ✓ A. baumannii Kaptive summary HTML report created: kaptive_results/Kaptive_summary.html
2026-07-18 16:42:10,553 - INFO - === A. BAUMANNII K/O ANALYSIS COMPLETE ===
2026-07-18 16:42:10,553 - INFO - Processed 1 genomes
2026-07-18 16:42:10,553 - INFO - Results saved to: kaptive_results
2026-07-18 16:42:10,553 - INFO - 
==================================================
2026-07-18 16:42:10,553 - INFO - 🧬 AcinetoScope Kaptive K/O Analysis FINAL SUMMARY
2026-07-18 16:42:10,553 - INFO - ==================================================
2026-07-18 16:42:10,553 - INFO - ✓ GCA_000498375.2: 2 K/O loci
2026-07-18 16:42:10,553 - INFO - 
📊 A. BAUMANNII K/O SUMMARY STATISTICS:
2026-07-18 16:42:10,553 - INFO -    Total genomes processed: 1
2026-07-18 16:42:10,553 - INFO -    Successfully analyzed: 1
2026-07-18 16:42:10,553 - INFO -    Total K/O loci found: 2
2026-07-18 16:42:10,553 - INFO -    K loci (capsule): 1
2026-07-18 16:42:10,553 - INFO -    O loci (lipooligosaccharide): 1
2026-07-18 16:42:10,553 - INFO - 
📁 SUMMARY FILES CREATED:
2026-07-18 16:42:10,553 - INFO -    Comprehensive Kaptive data: kaptive_results/Kaptive_summary.tsv
2026-07-18 16:42:10,554 - INFO -    JSON summary: kaptive_results/Kaptive_summary.json
2026-07-18 16:42:10,554 - INFO -    Summary HTML report: kaptive_results/Kaptive_summary.html
2026-07-18 16:42:10,554 - INFO -    Individual genome reports in: kaptive_results/*/
2026-07-18 16:42:10,554 - INFO - 
💡 Somewhere, something incredible is waiting to be known. - Carl Sagan

2026-07-18 16:42:10,692 - INFO - Results copied to analysis/kaptive_results
2026-07-18 16:42:10,694 - INFO - Removed temporary directory: /tmp/acinetoscope_k_o_module_8frax6rw
2026-07-18 16:42:10,694 - INFO - Temporary directory for amr_module: /tmp/acinetoscope_amr_module_h0_smnje
2026-07-18 16:48:59,253 - WARNING - 2026-07-18 16:42:11,186 - INFO - Available RAM: 3.2 GB
2026-07-18 16:42:11,186 - INFO - System CPU cores: 2
2026-07-18 16:42:11,186 - INFO - Using CPU cores: 2 (100.0% of available cores)
2026-07-18 16:42:11,186 - INFO - 💡 Performance: Multi-core (max speed for small systems)
2026-07-18 16:42:11,191 - INFO - Bundled AMRfinderPlus: OK
2026-07-18 16:42:11,191 - INFO - ✅ Bundled database found: /tmp/acinetoscope_amr_module_h0_smnje/amr_module/data/amrfinder_db/2026-05-15.1
2026-07-18 16:42:11,192 - INFO - Found 1 genomes: ['GCA_000498375.2.fasta']
2026-07-18 16:42:11,192 - INFO - 🚀 MAXIMUM SPEED: Using 1 concurrent jobs
2026-07-18 16:42:11,192 - INFO -    Each AMRfinderPlus instance uses 2 threads internally
2026-07-18 16:42:11,193 - INFO - === PROCESSING GENOME: GCA_000498375.2 ===
2026-07-18 16:42:11,193 - INFO - Using bundled database: /tmp/acinetoscope_amr_module_h0_smnje/amr_module/data/amrfinder_db/2026-05-15.1
2026-07-18 16:42:11,193 - INFO - Will report mutations to acineto_amrfinder_results/GCA_000498375.2/GCA_000498375.2_mutations.tsv
2026-07-18 16:42:11,193 - INFO - Running BUNDLED AMRfinderPlus: GCA_000498375.2 (using 2 CPU cores)
2026-07-18 16:48:59,208 - INFO - Parsed 32 AMR hits from acineto_amrfinder_results/GCA_000498375.2/GCA_000498375.2_amrfinder.txt
2026-07-18 16:48:59,210 - INFO - ✓ AMR HTML report: acineto_amrfinder_results/GCA_000498375.2/GCA_000498375.2_amrfinder_report.html
2026-07-18 16:48:59,212 - INFO - Parsed 91 AMR hits from acineto_amrfinder_results/GCA_000498375.2/GCA_000498375.2_mutations.tsv
2026-07-18 16:48:59,214 - INFO - ✓ Mutation HTML report: acineto_amrfinder_results/GCA_000498375.2/GCA_000498375.2_mutations.html
2026-07-18 16:48:59,215 - INFO - ✓ GCA_000498375.2: 32 AMR hits
2026-07-18 16:48:59,215 - INFO - ✓ COMPLETED: GCA_000498375.2 (32 AMR hits)
2026-07-18 16:48:59,215 - INFO - Creating A. baumannii AMR summary files...
2026-07-18 16:48:59,216 - INFO - ✓ AMR summary TSV: acineto_amrfinder_results/acineto_amrfinder_summary.tsv
2026-07-18 16:48:59,217 - INFO - ✓ Statistics summary: acineto_amrfinder_results/acineto_amrfinder_statistics_summary.tsv
2026-07-18 16:48:59,218 - INFO - ✓ AMR summary HTML: acineto_amrfinder_results/acineto_amrfinder_summary_report.html
2026-07-18 16:48:59,219 - INFO - ✓ Master JSON: acineto_amrfinder_results/acineto_amrfinder_master_summary.json
2026-07-18 16:48:59,219 - INFO - Creating mutation batch summaries...
2026-07-18 16:48:59,220 - INFO - Parsed 91 AMR hits from acineto_amrfinder_results/GCA_000498375.2/GCA_000498375.2_mutations.tsv
2026-07-18 16:48:59,220 - INFO - ✓ Mutation TSV: acineto_amrfinder_results/mutation_summary.tsv
2026-07-18 16:48:59,221 - INFO - ✓ Mutation summary HTML: acineto_amrfinder_results/mutation_summary.html
2026-07-18 16:48:59,225 - INFO - ✓ Mutation master JSON: acineto_amrfinder_results/mutation_master_summary.json
2026-07-18 16:48:59,225 - INFO - === A. BAUMANNII AMR ANALYSIS COMPLETE ===
2026-07-18 16:48:59,225 - INFO - Processed 1 genomes
2026-07-18 16:48:59,225 - INFO - Results saved to: acineto_amrfinder_results
2026-07-18 16:48:59,225 - INFO - 
==================================================
2026-07-18 16:48:59,226 - INFO - 🧬 AcinetoScope AMRfinderPlus FINAL SUMMARY
2026-07-18 16:48:59,226 - INFO - ==================================================
2026-07-18 16:48:59,226 - INFO - ✓ GCA_000498375.2: 32 AMR hits
2026-07-18 16:48:59,226 - INFO - 
📊 A. BAUMANNII SUMMARY STATISTICS:
2026-07-18 16:48:59,226 - INFO -    Total genomes processed: 1
2026-07-18 16:48:59,226 - INFO -    Total AMR hits: 32
2026-07-18 16:48:59,226 - INFO -    High-risk genes detected: 9
2026-07-18 16:48:59,226 - INFO -    CRITICAL RISK genes detected: 2
2026-07-18 16:48:59,226 - INFO -    Average AMR hits per genome: 32.0
2026-07-18 16:48:59,226 - INFO - 
📁 SUMMARY FILES CREATED:
2026-07-18 16:48:59,226 - INFO -    Comprehensive AMR data: acineto_amrfinder_results/acineto_amrfinder_summary.tsv
2026-07-18 16:48:59,226 - INFO -    Statistics summary: acineto_amrfinder_results/acineto_amrfinder_statistics_summary.tsv
2026-07-18 16:48:59,226 - INFO -    Master JSON: acineto_amrfinder_results/acineto_amrfinder_master_summary.json
2026-07-18 16:48:59,226 - INFO -    Summary HTML: acineto_amrfinder_results/acineto_amrfinder_summary_report.html
2026-07-18 16:48:59,226 - INFO -    Mutation TSV: acineto_amrfinder_results/mutation_summary.tsv
2026-07-18 16:48:59,226 - INFO -    Mutation HTML: acineto_amrfinder_results/mutation_summary.html
2026-07-18 16:48:59,226 - INFO -    Mutation master JSON: acineto_amrfinder_results/mutation_master_summary.json
2026-07-18 16:48:59,226 - INFO - 
⚡ PERFORMANCE SUMMARY:
2026-07-18 16:48:59,226 - INFO -    CPU cores utilized: 2
2026-07-18 16:48:59,226 - INFO -    Available RAM: 3.2 GB
2026-07-18 16:48:59,226 - INFO -    Processing mode: MAXIMUM SPEED CONCURRENT MODE 🚀
2026-07-18 16:48:59,226 - INFO -    Bundled AMRfinderPlus: 4.2.7
2026-07-18 16:48:59,226 - INFO -    Bundled database: 2026-05-15.1
2026-07-18 16:48:59,227 - INFO - 
🚨 CRITICAL RISK ALERT: Last-resort antibiotic resistance genes detected!
2026-07-18 16:48:59,227 - INFO -    Immediate clinical attention and infection control measures required.
2026-07-18 16:48:59,227 - INFO - 
💡 "In science, there are no shortcuts to truth." - Karl Popper

2026-07-18 16:48:59,256 - INFO - Results copied to analysis/acineto_amrfinder_results
2026-07-18 16:48:59,292 - INFO - Removed temporary directory: /tmp/acinetoscope_amr_module_h0_smnje
2026-07-18 16:48:59,293 - INFO - Temporary directory for abricate_module: /tmp/acinetoscope_abricate_module_f5wy7aux
2026-07-18 16:51:48,192 - INFO - 
================================================================================

 █████╗  ██████╗██╗███╗   ██╗███████╗████████╗ ██████╗ ███████╗ ██████╗ ██████╗ ██████╗ ███████╗
██╔══██╗██╔════╝██║████╗  ██║██╔════╝╚══██╔══╝██╔═══██╗██╔════╝██╔════╝██╔═══██╗██╔══██╗██╔════╝
███████║██║     ██║██╔██╗ ██║█████╗     ██║   ██║   ██║███████╗██║     ██║   ██║██████╔╝█████╗  
██╔══██║██║     ██║██║╚██╗██║██╔══╝     ██║   ██║   ██║╚════██║██║     ██║   ██║██╔═══╝ ██╔══╝  
██║  ██║╚██████╗██║██║ ╚████║███████╗   ██║   ╚██████╔╝███████║╚██████╗╚██████╔╝██║     ███████╗
╚═╝  ╚═╝ ╚═════╝╚═╝╚═╝  ╚═══╝╚══════╝   ╚═╝    ╚═════╝ ╚══════╝ ╚═════╝ ╚═════╝ ╚═╝     ╚══════╝

A. baumannii ABRicate Analysis - MAXIMUM SPEED VERSION
================================================================================
Author: Brown Beckley | Email: brownbeckley94@gmail.com
Affiliation: University of Ghana Medical School - Department of Medical Biochemistry
================================================================================

2026-07-18 16:51:48,192 - WARNING - 2026-07-18 16:48:59,959 - INFO - Available RAM: 3.1 GB
2026-07-18 16:48:59,959 - INFO - System CPU cores: 2
2026-07-18 16:48:59,959 - INFO - Using CPU cores: 2 (100.0% of available cores)
2026-07-18 16:48:59,960 - INFO - 💡 Performance: Multi-core (max speed for small systems)
2026-07-18 16:49:00,039 - INFO - ABRicate version: abricate 1.2.0
2026-07-18 16:49:00,039 - INFO - ✓ ABRicate version meets requirement (>=1.2.0)
2026-07-18 16:49:00,040 - INFO - Setting up ABRicate databases for A. baumannii analysis...
2026-07-18 16:49:01,754 - INFO - ✓ Database available: ncbi
2026-07-18 16:49:01,754 - INFO - ✓ Database available: card
2026-07-18 16:49:01,754 - INFO - ✓ Database available: resfinder
2026-07-18 16:49:01,754 - INFO - ✓ Database available: vfdb
2026-07-18 16:49:01,754 - INFO - ✓ Database available: argannot
2026-07-18 16:49:01,754 - INFO - ✓ Database available: plasmidfinder
2026-07-18 16:49:01,754 - INFO - ✓ Database available: megares
2026-07-18 16:49:01,754 - INFO - ✓ Database available: ecoh
2026-07-18 16:49:01,754 - INFO - ✓ Database available: bacmet2
2026-07-18 16:49:01,754 - INFO - ✓ Database available: ecoli_vf
2026-07-18 16:49:01,754 - INFO - Using databases: ncbi, card, resfinder, vfdb, argannot, plasmidfinder, megares, ecoh, bacmet2, ecoli_vf
2026-07-18 16:49:01,755 - INFO - Found 1 A. baumannii genomes: ['GCA_000498375.2.fasta']
2026-07-18 16:49:01,756 - INFO - === PROCESSING A. BAUMANNII GENOME: GCA_000498375.2 ===
2026-07-18 16:49:01,756 - INFO - Running ABRicate: GCA_000498375.2 --db ncbi (minid=80.0, mincov=80.0)
2026-07-18 16:49:13,863 - INFO - Parsed 18 hits from acineto_abricate_results/GCA_000498375.2/abricate_ncbi.txt
2026-07-18 16:49:13,864 - INFO - Individual database report: acineto_abricate_results/GCA_000498375.2/abricate_ncbi_report.html
2026-07-18 16:49:13,864 - INFO - ✓ ncbi: 18 hits
2026-07-18 16:49:13,864 - INFO - Running ABRicate: GCA_000498375.2 --db card (minid=80.0, mincov=80.0)
2026-07-18 16:49:24,197 - INFO - Parsed 38 hits from acineto_abricate_results/GCA_000498375.2/abricate_card.txt
2026-07-18 16:49:24,199 - INFO - Individual database report: acineto_abricate_results/GCA_000498375.2/abricate_card_report.html
2026-07-18 16:49:24,199 - INFO - ✓ card: 38 hits
2026-07-18 16:49:24,199 - INFO - Running ABRicate: GCA_000498375.2 --db resfinder (minid=80.0, mincov=80.0)
2026-07-18 16:49:32,817 - INFO - Parsed 16 hits from acineto_abricate_results/GCA_000498375.2/abricate_resfinder.txt
2026-07-18 16:49:32,821 - INFO - Individual database report: acineto_abricate_results/GCA_000498375.2/abricate_resfinder_report.html
2026-07-18 16:49:32,821 - INFO - ✓ resfinder: 16 hits
2026-07-18 16:49:32,821 - INFO - Running ABRicate: GCA_000498375.2 --db vfdb (minid=80.0, mincov=80.0)
2026-07-18 16:49:51,690 - INFO - Parsed 121 hits from acineto_abricate_results/GCA_000498375.2/abricate_vfdb.txt
2026-07-18 16:49:51,694 - INFO - Individual database report: acineto_abricate_results/GCA_000498375.2/abricate_vfdb_report.html
2026-07-18 16:49:51,694 - INFO - ✓ vfdb: 121 hits
2026-07-18 16:49:51,694 - INFO - Running ABRicate: GCA_000498375.2 --db argannot (minid=80.0, mincov=80.0)
2026-07-18 16:49:58,702 - INFO - Parsed 21 hits from acineto_abricate_results/GCA_000498375.2/abricate_argannot.txt
2026-07-18 16:49:58,703 - INFO - Individual database report: acineto_abricate_results/GCA_000498375.2/abricate_argannot_report.html
2026-07-18 16:49:58,703 - INFO - ✓ argannot: 21 hits
2026-07-18 16:49:58,703 - INFO - Running ABRicate: GCA_000498375.2 --db plasmidfinder (minid=80.0, mincov=80.0)
2026-07-18 16:50:04,820 - INFO - Parsed 0 hits from acineto_abricate_results/GCA_000498375.2/abricate_plasmidfinder.txt
2026-07-18 16:50:04,820 - INFO - Individual database report: acineto_abricate_results/GCA_000498375.2/abricate_plasmidfinder_report.html
2026-07-18 16:50:04,822 - INFO - ✓ plasmidfinder: 0 hits
2026-07-18 16:50:04,822 - INFO - Running ABRicate: GCA_000498375.2 --db megares (minid=80.0, mincov=80.0)
2026-07-18 16:50:20,566 - INFO - Parsed 39 hits from acineto_abricate_results/GCA_000498375.2/abricate_megares.txt
2026-07-18 16:50:20,567 - INFO - Individual database report: acineto_abricate_results/GCA_000498375.2/abricate_megares_report.html
2026-07-18 16:50:20,567 - INFO - ✓ megares: 39 hits
2026-07-18 16:50:20,567 - INFO - Running ABRicate: GCA_000498375.2 --db ecoh (minid=80.0, mincov=80.0)
2026-07-18 16:50:25,040 - INFO - Parsed 0 hits from acineto_abricate_results/GCA_000498375.2/abricate_ecoh.txt
2026-07-18 16:50:25,041 - INFO - Individual database report: acineto_abricate_results/GCA_000498375.2/abricate_ecoh_report.html
2026-07-18 16:50:25,041 - INFO - ✓ ecoh: 0 hits
2026-07-18 16:50:25,041 - INFO - Running ABRicate: GCA_000498375.2 --db bacmet2 (minid=80.0, mincov=80.0)
2026-07-18 16:51:41,198 - INFO - Parsed 143 hits from acineto_abricate_results/GCA_000498375.2/abricate_bacmet2.txt
2026-07-18 16:51:41,201 - INFO - Individual database report: acineto_abricate_results/GCA_000498375.2/abricate_bacmet2_report.html
2026-07-18 16:51:41,201 - INFO - ✓ bacmet2: 143 hits
2026-07-18 16:51:41,202 - INFO - Running ABRicate: GCA_000498375.2 --db ecoli_vf (minid=80.0, mincov=80.0)
2026-07-18 16:51:47,920 - INFO - Parsed 0 hits from acineto_abricate_results/GCA_000498375.2/abricate_ecoli_vf.txt
2026-07-18 16:51:47,920 - INFO - Individual database report: acineto_abricate_results/GCA_000498375.2/abricate_ecoli_vf_report.html
2026-07-18 16:51:47,920 - INFO - ✓ ecoli_vf: 0 hits
2026-07-18 16:51:47,944 - INFO - Comprehensive A. baumannii HTML report generated: acineto_abricate_results/GCA_000498375.2/GCA_000498375.2_comprehensive_abricate_report.html
2026-07-18 16:51:47,944 - INFO - ✓ Completed: GCA_000498375.2 (396 total hits)
2026-07-18 16:51:47,944 - INFO - Creating A. baumannii database summary files and HTML reports...
2026-07-18 16:51:47,945 - INFO - ✓ Created ncbi summary: acineto_abricate_results/acineto_ncbi_abricate_summary.tsv (18 hits)
2026-07-18 16:51:47,946 - INFO - ✓ Created JSON summary: acineto_abricate_results/acineto_ncbi_summary.json
2026-07-18 16:51:47,947 - INFO - Database summary HTML report: acineto_abricate_results/acineto_ncbi_summary_report.html
2026-07-18 16:51:47,947 - INFO - ✓ Created card summary: acineto_abricate_results/acineto_card_abricate_summary.tsv (38 hits)
2026-07-18 16:51:47,949 - INFO - ✓ Created JSON summary: acineto_abricate_results/acineto_card_summary.json
2026-07-18 16:51:47,950 - INFO - Database summary HTML report: acineto_abricate_results/acineto_card_summary_report.html
2026-07-18 16:51:47,950 - INFO - ✓ Created resfinder summary: acineto_abricate_results/acineto_resfinder_abricate_summary.tsv (16 hits)
2026-07-18 16:51:47,951 - INFO - ✓ Created JSON summary: acineto_abricate_results/acineto_resfinder_summary.json
2026-07-18 16:51:47,952 - INFO - Database summary HTML report: acineto_abricate_results/acineto_resfinder_summary_report.html
2026-07-18 16:51:47,952 - INFO - ✓ Created vfdb summary: acineto_abricate_results/acineto_vfdb_abricate_summary.tsv (121 hits)
2026-07-18 16:51:47,960 - INFO - ✓ Created JSON summary: acineto_abricate_results/acineto_vfdb_summary.json
2026-07-18 16:51:47,961 - INFO - Database summary HTML report: acineto_abricate_results/acineto_vfdb_summary_report.html
2026-07-18 16:51:47,961 - INFO - ✓ Created argannot summary: acineto_abricate_results/acineto_argannot_abricate_summary.tsv (21 hits)
2026-07-18 16:51:47,963 - INFO - ✓ Created JSON summary: acineto_abricate_results/acineto_argannot_summary.json
2026-07-18 16:51:47,963 - INFO - Database summary HTML report: acineto_abricate_results/acineto_argannot_summary_report.html
2026-07-18 16:51:47,963 - INFO - No hits for database plasmidfinder, skipping summary
2026-07-18 16:51:47,963 - INFO - ✓ Created megares summary: acineto_abricate_results/acineto_megares_abricate_summary.tsv (39 hits)
2026-07-18 16:51:47,966 - INFO - ✓ Created JSON summary: acineto_abricate_results/acineto_megares_summary.json
2026-07-18 16:51:47,966 - INFO - Database summary HTML report: acineto_abricate_results/acineto_megares_summary_report.html
2026-07-18 16:51:47,966 - INFO - No hits for database ecoh, skipping summary
2026-07-18 16:51:47,967 - INFO - ✓ Created bacmet2 summary: acineto_abricate_results/acineto_bacmet2_abricate_summary.tsv (143 hits)
2026-07-18 16:51:47,973 - INFO - ✓ Created JSON summary: acineto_abricate_results/acineto_bacmet2_summary.json
2026-07-18 16:51:47,974 - INFO - Database summary HTML report: acineto_abricate_results/acineto_bacmet2_summary_report.html
2026-07-18 16:51:47,974 - INFO - No hits for database ecoli_vf, skipping summary
2026-07-18 16:51:47,974 - INFO - Creating master JSON summary for all databases and genomes...
2026-07-18 16:51:48,025 - WARNING - Could not create Excel summary: No module named 'openpyxl'
2026-07-18 16:51:48,038 - INFO - ✓ Created master JSON summary: acineto_abricate_results/acineto_abricate_master_summary.json
2026-07-18 16:51:48,039 - INFO - === A. BAUMANNII ANALYSIS COMPLETE ===
2026-07-18 16:51:48,039 - INFO - Processed 1 genomes
2026-07-18 16:51:48,039 - INFO - Results saved to: acineto_abricate_results
2026-07-18 16:51:48,039 - INFO - Master JSON summary: acineto_abricate_results/acineto_abricate_master_summary.json
2026-07-18 16:51:48,039 - INFO - 
==================================================
2026-07-18 16:51:48,039 - INFO - 🧬 AcinetoScope ABRicate FINAL SUMMARY
2026-07-18 16:51:48,039 - INFO - ==================================================
2026-07-18 16:51:48,062 - INFO - ✓ GCA_000498375.2: 396 total hits, 8 critical carbapenemase, 5 critical ESBL, 0 critical colistin
2026-07-18 16:51:48,062 - INFO - 
==================================================
2026-07-18 16:51:48,062 - INFO - 🗃️  DATABASE USAGE SUMMARY
2026-07-18 16:51:48,062 - INFO - ==================================================
2026-07-18 16:51:48,062 - INFO - Used databases: ncbi, card, resfinder, vfdb, argannot, plasmidfinder, megares, ecoh, bacmet2, ecoli_vf
2026-07-18 16:51:48,062 - INFO - 
==================================================
2026-07-18 16:51:48,062 - INFO - 📊 SUMMARY FILES
2026-07-18 16:51:48,062 - INFO - ==================================================
2026-07-18 16:51:48,062 - INFO - Created per-database summaries:
2026-07-18 16:51:48,062 - INFO -   • acineto_ncbi_summary.[tsv|json|html]
2026-07-18 16:51:48,062 - INFO -   • acineto_card_summary.[tsv|json|html]
2026-07-18 16:51:48,062 - INFO -   • acineto_resfinder_summary.[tsv|json|html]
2026-07-18 16:51:48,062 - INFO -   • acineto_vfdb_summary.[tsv|json|html]
2026-07-18 16:51:48,062 - INFO -   • acineto_argannot_summary.[tsv|json|html]
2026-07-18 16:51:48,063 - INFO -   • acineto_plasmidfinder_summary.[tsv|json|html]
2026-07-18 16:51:48,063 - INFO -   • acineto_megares_summary.[tsv|json|html]
2026-07-18 16:51:48,063 - INFO -   • acineto_ecoh_summary.[tsv|json|html]
2026-07-18 16:51:48,063 - INFO -   • acineto_bacmet2_summary.[tsv|json|html]
2026-07-18 16:51:48,063 - INFO -   • acineto_ecoli_vf_summary.[tsv|json|html]
2026-07-18 16:51:48,063 - INFO - Created master summaries:
2026-07-18 16:51:48,063 - INFO -   • acineto_abricate_master_summary.json
2026-07-18 16:51:48,063 - INFO -   • acineto_abricate_master_summary.xlsx (Excel)
2026-07-18 16:51:48,063 - INFO - 
==================================================
2026-07-18 16:51:48,063 - INFO - ⚡ MAXIMUM SPEED PERFORMANCE SUMMARY
2026-07-18 16:51:48,063 - INFO - ==================================================
2026-07-18 16:51:48,063 - INFO - CPU cores utilized: 2 cores
2026-07-18 16:51:48,063 - INFO - Available RAM: 3.1 GB
2026-07-18 16:51:48,063 - INFO - Total A. baumannii genomes processed: 1
2026-07-18 16:51:48,063 - INFO - Total critical carbapenemase genes found: 8
2026-07-18 16:51:48,063 - INFO - Total critical ESBL genes found: 5
2026-07-18 16:51:48,063 - INFO - Total critical colistin resistance genes found: 0
2026-07-18 16:51:48,063 - INFO - Processing mode: MAXIMUM SPEED 🚀
2026-07-18 16:51:48,063 - INFO - 
💡 Research is what I'm doing when I don't know what I'm doing. - Wernher von Braun
2026-07-18 16:51:48,063 - INFO - 
==================================================
2026-07-18 16:51:48,063 - INFO - 📁 OUTPUT STRUCTURE
2026-07-18 16:51:48,063 - INFO - ==================================================
2026-07-18 16:51:48,063 - INFO - acineto_abricate_results/
2026-07-18 16:51:48,064 - INFO - ├── [SAMPLE_DIRECTORIES]/
2026-07-18 16:51:48,064 - INFO - │   ├── abricate_*.txt           # Raw ABRicate outputs
2026-07-18 16:51:48,064 - INFO - │   ├── abricate_*_report.html   # Individual database reports
2026-07-18 16:51:48,064 - INFO - │   └── [SAMPLE]_comprehensive_abricate_report.html
2026-07-18 16:51:48,064 - INFO - ├── acineto_*_abricate_summary.tsv   # Per-database TSV summaries
2026-07-18 16:51:48,064 - INFO - ├── acineto_*_summary.json           # Per-database JSON summaries
2026-07-18 16:51:48,064 - INFO - ├── acineto_*_summary_report.html    # Per-database HTML summaries
2026-07-18 16:51:48,064 - INFO - ├── acineto_abricate_master_summary.json
2026-07-18 16:51:48,064 - INFO - └── acineto_abricate_master_summary.xlsx

2026-07-18 16:51:48,205 - INFO - Results copied to analysis/acineto_abricate_results
2026-07-18 16:51:48,209 - INFO - Removed temporary directory: /tmp/acinetoscope_abricate_module_f5wy7aux
2026-07-18 16:51:48,210 - INFO - Temporary directory for plasmid_typing_module: /tmp/acinetoscope_plasmid_typing_module_su4pr37p
2026-07-18 16:51:49,780 - INFO - 
✅ Completed. Results in acineto_plasmid_results
   Summary: acineto_plasmid_results/plasmid_summary_report.html
   Per‑sample TSV files are in each genome subdirectory.
   Per‑sample HTML reports are also in each genome subdirectory.

2026-07-18 16:51:49,780 - WARNING - 2026-07-18 16:51:48,623 - INFO - Using APT database: /tmp/acinetoscope_plasmid_typing_module_su4pr37p/plasmid_typing_module/data/apt_reps_v3.fasta
2026-07-18 16:51:48,624 - INFO - Found 1 genomes
2026-07-18 16:51:48,624 - INFO - Using 1 concurrent BLAST jobs
2026-07-18 16:51:49,746 - INFO - TSV for GCA_000498375.2: acineto_plasmid_results/GCA_000498375.2/GCA_000498375.2_plasmid_hits.tsv
2026-07-18 16:51:49,746 - INFO - ✓ GCA_000498375.2: 2 rep hits
2026-07-18 16:51:49,747 - INFO - Summary TSV: acineto_plasmid_results/plasmid_summary.tsv
2026-07-18 16:51:49,747 - INFO - Summary HTML: acineto_plasmid_results/plasmid_summary_report.html

2026-07-18 16:51:49,783 - INFO - Results copied to analysis/acineto_plasmid_results
2026-07-18 16:51:49,786 - INFO - Removed temporary directory: /tmp/acinetoscope_plasmid_typing_module_su4pr37p
2026-07-18 16:51:49,787 - INFO - Temporary directory for gene‑centric: /tmp/acinetoscope_gene_centric_gmg1_zcm
2026-07-18 16:51:49,790 - INFO - Copied FASTA_QC_summary.html to gene‑centric temp dir
2026-07-18 16:51:49,791 - INFO - Copied pasteur_mlst_summary.html to gene‑centric temp dir
2026-07-18 16:51:49,791 - INFO - Copied oxford_mlst_summary.html to gene‑centric temp dir
2026-07-18 16:51:49,792 - INFO - Copied Kaptive_summary.html to gene‑centric temp dir
2026-07-18 16:51:49,793 - INFO - Copied acineto_amrfinder_summary_report.html to gene‑centric temp dir
2026-07-18 16:51:49,793 - INFO - Copied acineto_card_summary_report.html to gene‑centric temp dir
2026-07-18 16:51:49,794 - INFO - Copied acineto_ncbi_summary_report.html to gene‑centric temp dir
2026-07-18 16:51:49,795 - INFO - Copied acineto_resfinder_summary_report.html to gene‑centric temp dir
2026-07-18 16:51:49,795 - INFO - Copied acineto_vfdb_summary_report.html to gene‑centric temp dir
2026-07-18 16:51:49,796 - INFO - Copied acineto_argannot_summary_report.html to gene‑centric temp dir
2026-07-18 16:51:49,797 - INFO - Copied acineto_megares_summary_report.html to gene‑centric temp dir
2026-07-18 16:51:49,797 - WARNING - Required HTML not found: analysis/acineto_abricate_results/acineto_ecoli_vf_summary_report.html
2026-07-18 16:51:49,798 - INFO - Copied acineto_bacmet2_summary_report.html to gene‑centric temp dir
2026-07-18 16:51:49,798 - WARNING - Required HTML not found: analysis/acineto_abricate_results/acineto_ecoh_summary_report.html
2026-07-18 16:51:49,798 - WARNING - Required HTML not found: analysis/acineto_abricate_results/acineto_plasmidfinder_summary_report.html
2026-07-18 16:51:49,799 - INFO - Copied plasmid_summary_report.html to gene‑centric temp dir
2026-07-18 16:51:49,799 - INFO - Copied mutation_summary.html to gene‑centric temp dir
2026-07-18 16:51:51,499 - INFO - ================================================================================
🧠 GENIUS ACINETOBACTER BAUMANNII ULTIMATE REPORTER v3.0.0
   Gene-centric with dynamic grouping, mutations, co-occurrence
================================================================================
🔍 Searching for AcinetoScope HTML reports...
  📁 Found 14 HTML files
  ✅ Pasteur MLST: 1 | Oxford MLST: 1 | Kaptive: 1 | AMRfinder: 1 | PlasmidFinder: 0 | QC: 1 | APT plasmid: 1 | Mutation: 1

🔗 Integrating data...
  🧬 Parsing FASTA QC: FASTA_QC_summary.html
    ✓ Parsed 1 samples
  🧬 Parsing APT plasmid summary: plasmid_summary_report.html
  🧬 Parsing PASTEUR MLST: pasteur_mlst_summary.html
    ✓ Found 1 samples for PASTEUR scheme (valid STs: 1)
  🧬 Parsing OXFORD MLST: oxford_mlst_summary.html
    ✓ Found 1 samples for OXFORD scheme (valid STs: 0)
  🧬 Parsing Kaptive: Kaptive_summary.html
    ✓ Found 1 samples with capsule typing
  🧬 Parsing AMRfinder: acineto_amrfinder_summary_report.html
    ✓ Found 0 samples, 29 genes
  🧬 Parsing ABRicate: acineto_vfdb_summary_report.html
    ✓ VFDB: 1 samples, 120 genes
  🧬 Parsing ABRicate: acineto_megares_summary_report.html
    ✓ MEGARES: 1 samples, 33 genes
  🧬 Parsing ABRicate: acineto_argannot_summary_report.html
    ✓ ARGANNOT: 1 samples, 20 genes
  🧬 Parsing ABRicate: acineto_card_summary_report.html
    ✓ CARD: 1 samples, 36 genes
  🧬 Parsing ABRicate: acineto_ncbi_summary_report.html
    ✓ NCBI: 1 samples, 17 genes
  🧬 Parsing ABRicate: acineto_resfinder_summary_report.html
    ✓ RESFINDER: 1 samples, 15 genes
  🧬 Parsing ABRicate: acineto_bacmet2_summary_report.html
    ✓ BACMET2: 1 samples, 100 genes
  🧬 Parsing mutation summary: mutation_summary.html
    ✓ Parsed 87 unique mutations across 1 genomes
📊 Found 1 unique samples

📝 Generating JSON report...
    ✅ JSON saved: GENIUS_ACINETOBACTER_GENE_CENTRIC_REPORTS/genius_acinetobacter_ultimate_gene_centric_report.json

📊 Generating CSV reports...

🎨 Generating ULTIMATE HTML report for A. baumannii...
    ✅ HTML report saved: GENIUS_ACINETOBACTER_GENE_CENTRIC_REPORTS/genius_acinetobacter_ultimate_gene_centric_report.html

✅ Analysis complete! Open genius_acinetobacter_ultimate_gene_centric_report.html in your browser.

2026-07-18 16:51:51,502 - INFO - Gene‑centric reports copied to analysis/GENIUS_ACINETOBACTER_GENE_CENTRIC_REPORTS
2026-07-18 16:51:51,504 - INFO - Removed temporary gene‑centric directory
2026-07-18 16:51:51,505 - INFO - Temporary directory for sample‑centric: /tmp/acinetoscope_sample_centric_barlo_2n
2026-07-18 16:51:51,506 - INFO - Copied acineto_amrfinder_summary.tsv to sample‑centric temp dir
2026-07-18 16:51:51,506 - INFO - Copied acineto_card_abricate_summary.tsv to sample‑centric temp dir
2026-07-18 16:51:51,507 - INFO - Copied acineto_ncbi_abricate_summary.tsv to sample‑centric temp dir
2026-07-18 16:51:51,507 - INFO - Copied acineto_resfinder_abricate_summary.tsv to sample‑centric temp dir
2026-07-18 16:51:51,507 - INFO - Copied acineto_vfdb_abricate_summary.tsv to sample‑centric temp dir
2026-07-18 16:51:51,507 - INFO - Copied acineto_argannot_abricate_summary.tsv to sample‑centric temp dir
2026-07-18 16:51:51,508 - INFO - Copied acineto_megares_abricate_summary.tsv to sample‑centric temp dir
2026-07-18 16:51:51,508 - WARNING - Required file not found: analysis/acineto_abricate_results/acineto_ecoli_vf_abricate_summary.tsv
2026-07-18 16:51:51,508 - INFO - Copied acineto_bacmet2_abricate_summary.tsv to sample‑centric temp dir
2026-07-18 16:51:51,508 - WARNING - Required file not found: analysis/acineto_abricate_results/acineto_ecoh_abricate_summary.tsv
2026-07-18 16:51:51,509 - WARNING - Required file not found: analysis/acineto_abricate_results/acineto_plasmidfinder_abricate_summary.tsv
2026-07-18 16:51:51,509 - INFO - Copied plasmid_summary.tsv to sample‑centric temp dir
2026-07-18 16:51:51,509 - INFO - Copied mutation_summary.tsv to sample‑centric temp dir
2026-07-18 16:51:51,509 - INFO - Copied FASTA_QC_summary.html to sample‑centric temp dir
2026-07-18 16:51:51,510 - INFO - Copied pasteur_mlst_summary.html to sample‑centric temp dir
2026-07-18 16:51:51,510 - INFO - Copied oxford_mlst_summary.html to sample‑centric temp dir
2026-07-18 16:51:51,510 - INFO - Copied Kaptive_summary.html to sample‑centric temp dir
2026-07-18 16:51:52,852 - INFO - ================================================================================
🧬 GENIUS ACINETOBACTER SAMPLE‑CENTRIC REPORTER v1.0.0
   Interactive per‑isolate boxes for AMR, Virulence, BACMET, Plasmids, Mutations
   Gene‑centric for MLST, Kaptive, QC, Combinations, Co‑occurrence, Patterns
================================================================================
📁 Input directory: .

📂 Loading TSV files...

📄 Parsing HTML reports...
  🧬 Parsing PASTEUR MLST: pasteur_mlst_summary.html
    ✓ Found 1 samples for PASTEUR scheme
  🧬 Parsing OXFORD MLST: oxford_mlst_summary.html
    ✓ Found 1 samples for OXFORD scheme
  🧬 Parsing Kaptive: Kaptive_summary.html
    ✓ Found 1 samples with capsule typing
  🧬 Parsing FASTA QC: FASTA_QC_summary.html
    ✓ Parsed 1 samples

📊 Found 1 unique samples

📊 Generating reports...
   Generating JSON...
      ✅ JSON saved: GENIUS_ACINETOBACTER_SAMPLE_CENTRIC_REPORTS/genius_acinetobacter_sample_centric_report.json
   Generating CSVs...
      ✅ CSVs saved.

🎨 Generating SAMPLE‑CENTRIC HTML report...
    ✅ HTML report saved: GENIUS_ACINETOBACTER_SAMPLE_CENTRIC_REPORTS/genius_acinetobacter_sample_centric_report.html

✅ Analysis complete!
📁 Output directory: GENIUS_ACINETOBACTER_SAMPLE_CENTRIC_REPORTS
🌐 Open genius_acinetobacter_sample_centric_report.html in your browser.

2026-07-18 16:51:52,857 - INFO - Sample‑centric reports copied to analysis/GENIUS_ACINETOBACTER_SAMPLE_CENTRIC_REPORTS
2026-07-18 16:51:52,861 - INFO - Removed temporary sample‑centric directory
2026-07-18 16:51:52,867 - INFO - Copied GENIUS_ACINETOBACTER_GENE_CENTRIC_REPORTS to analysis/AcinetoScope_final_reports/GENIUS_ACINETOBACTER_GENE_CENTRIC_REPORTS
2026-07-18 16:51:52,868 - INFO - Removed top-level duplicate: GENIUS_ACINETOBACTER_GENE_CENTRIC_REPORTS
2026-07-18 16:51:52,874 - INFO - Copied GENIUS_ACINETOBACTER_SAMPLE_CENTRIC_REPORTS to analysis/AcinetoScope_final_reports/GENIUS_ACINETOBACTER_SAMPLE_CENTRIC_REPORTS
2026-07-18 16:51:52,875 - INFO - Removed top-level duplicate: GENIUS_ACINETOBACTER_SAMPLE_CENTRIC_REPORTS
